07/13/10 22:09:12,056 [3216] INFO VT - PearDatabase ->ADODB disconnect
07/13/10 22:09:12,369 [3216] DEBUG VT - Entering set_default_config(Array) method ...
07/13/10 22:09:12,370 [3216] DEBUG VT - Exiting set_default_config method ...
07/13/10 22:09:12,739 [3216] DEBUG index - ****Starting for session 40n7kpmpg06a33geihjojr6926
07/13/10 22:09:12,743 [3216] DEBUG index - We have an authenticated user id: 6
07/13/10 22:09:12,744 [3216] DEBUG index - array (
  'action' => 'PickListAjax',
  'module' => 'PickList',
  'mode' => 'edit',
  'file' => 'PickListAction',
  'fld_module' => 'Products',
  'fieldname' => 'productcategory',
  'newValues' => '["其他","签证","企业注册S","VPN"]',
  'oldValues' => '["其他","签证","企业注册","VPN"]',
  'ck_login_id_vtiger' => '6',
  'ck_login_theme_vtiger' => 'hawebs',
  'ck_login_language_vtiger' => 'zh_cn',
  'timezone' => '0',
  'phpbb3_iq7rs_k' => '',
  'phpbb3_iq7rs_u' => '2',
  'phpbb3_iq7rs_sid' => 'fe174e27af1966725c55150593ef3942',
  'style_cookie' => 'null',
  'fontSize' => '100',
  'OFBiz_Visitor' => '10000',
  'webtools_autoUserLoginId' => 'admin',
  'webpos_autoUserLoginId' => 'admin',
  's_lastvisit' => '1264968505417',
  'ebay_autoUserLoginId' => 'admin',
  'smile' => '1D1',
  'googlebase_autoUserLoginId' => 'admin',
  'partymgr_autoUserLoginId' => 'admin',
  'humanres_autoUserLoginId' => 'admin',
  'facility_autoUserLoginId' => 'admin',
  'ZDEDebuggerPresent' => 'php,phtml,php3',
  'PHPSESSID' => '40n7kpmpg06a33geihjojr6926',
)
07/13/10 22:09:12,746 [3216] INFO index - About to take action PickListAjax
07/13/10 22:09:12,746 [3216] DEBUG index - in PickListAjax
07/13/10 22:09:12,748 [3216] INFO index - current page is modules/PickList/PickListAjax.php
07/13/10 22:09:12,749 [3216] INFO index - current module is PickList 
07/13/10 22:09:13,071 [3216] DEBUG user - Entering Users() method ...
07/13/10 22:09:13,072 [3216] DEBUG user - Exiting Users() method ...
07/13/10 22:09:13,076 [3216] DEBUG index - Entering getPermittedModuleNames() method ...
07/13/10 22:09:13,082 [3216] DEBUG index - Entering getTabModuleName(1) method ...
07/13/10 22:09:13,086 [3216] DEBUG index - Exiting getTabModuleName method ...
07/13/10 22:09:13,087 [3216] DEBUG index - Entering getTabModuleName(2) method ...
07/13/10 22:09:13,090 [3216] DEBUG index - Exiting getTabModuleName method ...
07/13/10 22:09:13,091 [3216] DEBUG index - Entering getTabModuleName(3) method ...
07/13/10 22:09:13,095 [3216] DEBUG index - Exiting getTabModuleName method ...
07/13/10 22:09:13,096 [3216] DEBUG index - Entering getTabModuleName(4) method ...
07/13/10 22:09:13,099 [3216] DEBUG index - Exiting getTabModuleName method ...
07/13/10 22:09:13,100 [3216] DEBUG index - Entering getTabModuleName(6) method ...
07/13/10 22:09:13,104 [3216] DEBUG index - Exiting getTabModuleName method ...
07/13/10 22:09:13,105 [3216] DEBUG index - Entering getTabModuleName(7) method ...
07/13/10 22:09:13,108 [3216] DEBUG index - Exiting getTabModuleName method ...
07/13/10 22:09:13,109 [3216] DEBUG index - Entering getTabModuleName(8) method ...
07/13/10 22:09:13,113 [3216] DEBUG index - Exiting getTabModuleName method ...
07/13/10 22:09:13,114 [3216] DEBUG index - Entering getTabModuleName(9) method ...
07/13/10 22:09:13,117 [3216] DEBUG index - Exiting getTabModuleName method ...
07/13/10 22:09:13,118 [3216] DEBUG index - Entering getTabModuleName(10) method ...
07/13/10 22:09:13,122 [3216] DEBUG index - Exiting getTabModuleName method ...
07/13/10 22:09:13,123 [3216] DEBUG index - Entering getTabModuleName(13) method ...
07/13/10 22:09:13,127 [3216] DEBUG index - Exiting getTabModuleName method ...
07/13/10 22:09:13,128 [3216] DEBUG index - Entering getTabModuleName(14) method ...
07/13/10 22:09:13,131 [3216] DEBUG index - Exiting getTabModuleName method ...
07/13/10 22:09:13,132 [3216] DEBUG index - Entering getTabModuleName(15) method ...
07/13/10 22:09:13,136 [3216] DEBUG index - Exiting getTabModuleName method ...
07/13/10 22:09:13,137 [3216] DEBUG index - Entering getTabModuleName(18) method ...
07/13/10 22:09:13,141 [3216] DEBUG index - Exiting getTabModuleName method ...
07/13/10 22:09:13,142 [3216] DEBUG index - Entering getTabModuleName(19) method ...
07/13/10 22:09:13,148 [3216] DEBUG index - Exiting getTabModuleName method ...
07/13/10 22:09:13,150 [3216] DEBUG index - Entering getTabModuleName(20) method ...
07/13/10 22:09:13,153 [3216] DEBUG index - Exiting getTabModuleName method ...
07/13/10 22:09:13,154 [3216] DEBUG index - Entering getTabModuleName(21) method ...
07/13/10 22:09:13,158 [3216] DEBUG index - Exiting getTabModuleName method ...
07/13/10 22:09:13,159 [3216] DEBUG index - Entering getTabModuleName(22) method ...
07/13/10 22:09:13,163 [3216] DEBUG index - Exiting getTabModuleName method ...
07/13/10 22:09:13,164 [3216] DEBUG index - Entering getTabModuleName(23) method ...
07/13/10 22:09:13,169 [3216] DEBUG index - Exiting getTabModuleName method ...
07/13/10 22:09:13,170 [3216] DEBUG index - Entering getTabModuleName(24) method ...
07/13/10 22:09:13,173 [3216] DEBUG index - Exiting getTabModuleName method ...
07/13/10 22:09:13,174 [3216] DEBUG index - Entering getTabModuleName(25) method ...
07/13/10 22:09:13,177 [3216] DEBUG index - Exiting getTabModuleName method ...
07/13/10 22:09:13,178 [3216] DEBUG index - Entering getTabModuleName(26) method ...
07/13/10 22:09:13,182 [3216] DEBUG index - Exiting getTabModuleName method ...
07/13/10 22:09:13,183 [3216] DEBUG index - Entering getTabModuleName(27) method ...
07/13/10 22:09:13,186 [3216] DEBUG index - Exiting getTabModuleName method ...
07/13/10 22:09:13,187 [3216] DEBUG index - Entering getTabModuleName(28) method ...
07/13/10 22:09:13,190 [3216] DEBUG index - Exiting getTabModuleName method ...
07/13/10 22:09:13,191 [3216] DEBUG index - Entering getTabModuleName(29) method ...
07/13/10 22:09:13,195 [3216] DEBUG index - Exiting getTabModuleName method ...
07/13/10 22:09:13,196 [3216] DEBUG index - Entering getTabModuleName(30) method ...
07/13/10 22:09:13,199 [3216] DEBUG index - Exiting getTabModuleName method ...
07/13/10 22:09:13,200 [3216] DEBUG index - Entering getTabModuleName(31) method ...
07/13/10 22:09:13,204 [3216] DEBUG index - Exiting getTabModuleName method ...
07/13/10 22:09:13,204 [3216] DEBUG index - Entering getTabModuleName(32) method ...
07/13/10 22:09:13,208 [3216] DEBUG index - Exiting getTabModuleName method ...
07/13/10 22:09:13,209 [3216] DEBUG index - Entering getTabModuleName(33) method ...
07/13/10 22:09:13,213 [3216] DEBUG index - Exiting getTabModuleName method ...
07/13/10 22:09:13,214 [3216] DEBUG index - Entering getTabModuleName(34) method ...
07/13/10 22:09:13,217 [3216] DEBUG index - Exiting getTabModuleName method ...
07/13/10 22:09:13,218 [3216] DEBUG index - Entering getTabModuleName(35) method ...
07/13/10 22:09:13,222 [3216] DEBUG index - Exiting getTabModuleName method ...
07/13/10 22:09:13,223 [3216] DEBUG index - Entering getTabModuleName(36) method ...
07/13/10 22:09:13,226 [3216] DEBUG index - Exiting getTabModuleName method ...
07/13/10 22:09:13,227 [3216] DEBUG index - Entering getTabModuleName(37) method ...
07/13/10 22:09:13,231 [3216] DEBUG index - Exiting getTabModuleName method ...
07/13/10 22:09:13,232 [3216] DEBUG index - Entering getTabModuleName(38) method ...
07/13/10 22:09:13,235 [3216] DEBUG index - Exiting getTabModuleName method ...
07/13/10 22:09:13,236 [3216] DEBUG index - Exiting getPermittedModuleNames method ...
07/13/10 22:09:13,240 [3216] DEBUG index - Current user is: huyucheng
07/13/10 22:09:13,240 [3216] DEBUG index - Current theme is: hawebs
07/13/10 22:09:13,241 [3216] DEBUG index - current_language is: zh_cn
07/13/10 22:09:13,242 [3216] DEBUG index - Entering return_app_currency_strings_language(zh_cn) method ...
07/13/10 22:09:13,256 [3216] DEBUG index - Exiting return_app_currency_strings_language method ...
07/13/10 22:09:13,258 [3216] DEBUG index - Entering return_application_language(zh_cn) method ...
07/13/10 22:09:13,272 [3216] DEBUG index - Exiting return_application_language method ...
07/13/10 22:09:13,273 [3216] DEBUG index - Entering return_app_list_strings_language(zh_cn) method ...
07/13/10 22:09:13,287 [3216] DEBUG index - Exiting return_app_list_strings_language method ...
07/13/10 22:09:13,289 [3216] DEBUG index - Entering return_module_language(zh_cn,PickList) method ...
07/13/10 22:09:13,294 [3216] DEBUG index - Exiting return_module_language method ...
07/13/10 22:09:13,294 [3216] DEBUG index - setting cookie ck_login_id_vtiger to 6
07/13/10 22:09:13,295 [3216] DEBUG index - setting cookie ck_login_theme_vtiger to hawebs
07/13/10 22:09:13,296 [3216] DEBUG index - setting cookie ck_login_language_vtiger to zh_cn
07/13/10 22:09:13,297 [3216] DEBUG index - skipping headers
07/13/10 22:09:13,310 [3216] DEBUG index - Entering isPermitted(PickList,PickListAction,) method ...
07/13/10 22:09:13,316 [3216] DEBUG index - Exiting isPermitted method ...
07/13/10 22:09:13,355 [3216] DEBUG index - Prepared sql query being executed : select tablename,columnname from vtiger_field where fieldname=? and presence in (0,2)
07/13/10 22:09:13,356 [3216] DEBUG index - Prepared sql query parameters : [productcategory]
07/13/10 22:09:13,360 [3216] DEBUG index - Prepared sql query being executed : UPDATE vtiger_productcategory SET productcategory=? WHERE productcategory=?
07/13/10 22:09:13,361 [3216] DEBUG index - Prepared sql query parameters : [企业注册S,企业注册]
07/13/10 22:09:13,363 [3216] DEBUG index - Prepared sql query being executed : update vtiger_products set productcategory=? where productcategory=?
07/13/10 22:09:13,365 [3216] DEBUG index - Prepared sql query parameters : [企业注册S,企业注册]
07/13/10 22:09:13,663 [3216] INFO VT - PearDatabase ->ADODB disconnect
07/13/10 22:09:13,974 [3216] DEBUG VT - Entering set_default_config(Array) method ...
07/13/10 22:09:13,975 [3216] DEBUG VT - Exiting set_default_config method ...
07/13/10 22:09:14,239 [3216] DEBUG index - ****Starting for session 40n7kpmpg06a33geihjojr6926
07/13/10 22:09:14,243 [3216] DEBUG index - We have an authenticated user id: 6
07/13/10 22:09:14,244 [3216] DEBUG index - array (
  'action' => 'PickListAjax',
  'module' => 'PickList',
  'directmode' => 'ajax',
  'file' => 'PickList',
  'moduleName' => 'Products',
  'roleid' => 'H2',
  'ck_login_id_vtiger' => '6',
  'ck_login_theme_vtiger' => 'hawebs',
  'ck_login_language_vtiger' => 'zh_cn',
  'timezone' => '0',
  'phpbb3_iq7rs_k' => '',
  'phpbb3_iq7rs_u' => '2',
  'phpbb3_iq7rs_sid' => 'fe174e27af1966725c55150593ef3942',
  'style_cookie' => 'null',
  'fontSize' => '100',
  'OFBiz_Visitor' => '10000',
  'webtools_autoUserLoginId' => 'admin',
  'webpos_autoUserLoginId' => 'admin',
  's_lastvisit' => '1264968505417',
  'ebay_autoUserLoginId' => 'admin',
  'smile' => '1D1',
  'googlebase_autoUserLoginId' => 'admin',
  'partymgr_autoUserLoginId' => 'admin',
  'humanres_autoUserLoginId' => 'admin',
  'facility_autoUserLoginId' => 'admin',
  'ZDEDebuggerPresent' => 'php,phtml,php3',
  'PHPSESSID' => '40n7kpmpg06a33geihjojr6926',
)
07/13/10 22:09:14,245 [3216] INFO index - About to take action PickListAjax
07/13/10 22:09:14,246 [3216] DEBUG index - in PickListAjax
07/13/10 22:09:14,248 [3216] INFO index - current page is modules/PickList/PickListAjax.php
07/13/10 22:09:14,248 [3216] INFO index - current module is PickList 
07/13/10 22:09:14,566 [3216] DEBUG user - Entering Users() method ...
07/13/10 22:09:14,567 [3216] DEBUG user - Exiting Users() method ...
07/13/10 22:09:14,571 [3216] DEBUG index - Entering getPermittedModuleNames() method ...
07/13/10 22:09:14,577 [3216] DEBUG index - Entering getTabModuleName(1) method ...
07/13/10 22:09:14,581 [3216] DEBUG index - Exiting getTabModuleName method ...
07/13/10 22:09:14,582 [3216] DEBUG index - Entering getTabModuleName(2) method ...
07/13/10 22:09:14,585 [3216] DEBUG index - Exiting getTabModuleName method ...
07/13/10 22:09:14,586 [3216] DEBUG index - Entering getTabModuleName(3) method ...
07/13/10 22:09:14,590 [3216] DEBUG index - Exiting getTabModuleName method ...
07/13/10 22:09:14,591 [3216] DEBUG index - Entering getTabModuleName(4) method ...
07/13/10 22:09:14,595 [3216] DEBUG index - Exiting getTabModuleName method ...
07/13/10 22:09:14,596 [3216] DEBUG index - Entering getTabModuleName(6) method ...
07/13/10 22:09:14,599 [3216] DEBUG index - Exiting getTabModuleName method ...
07/13/10 22:09:14,601 [3216] DEBUG index - Entering getTabModuleName(7) method ...
07/13/10 22:09:14,604 [3216] DEBUG index - Exiting getTabModuleName method ...
07/13/10 22:09:14,605 [3216] DEBUG index - Entering getTabModuleName(8) method ...
07/13/10 22:09:14,609 [3216] DEBUG index - Exiting getTabModuleName method ...
07/13/10 22:09:14,610 [3216] DEBUG index - Entering getTabModuleName(9) method ...
07/13/10 22:09:14,614 [3216] DEBUG index - Exiting getTabModuleName method ...
07/13/10 22:09:14,615 [3216] DEBUG index - Entering getTabModuleName(10) method ...
07/13/10 22:09:14,618 [3216] DEBUG index - Exiting getTabModuleName method ...
07/13/10 22:09:14,619 [3216] DEBUG index - Entering getTabModuleName(13) method ...
07/13/10 22:09:14,623 [3216] DEBUG index - Exiting getTabModuleName method ...
07/13/10 22:09:14,624 [3216] DEBUG index - Entering getTabModuleName(14) method ...
07/13/10 22:09:14,627 [3216] DEBUG index - Exiting getTabModuleName method ...
07/13/10 22:09:14,628 [3216] DEBUG index - Entering getTabModuleName(15) method ...
07/13/10 22:09:14,632 [3216] DEBUG index - Exiting getTabModuleName method ...
07/13/10 22:09:14,633 [3216] DEBUG index - Entering getTabModuleName(18) method ...
07/13/10 22:09:14,636 [3216] DEBUG index - Exiting getTabModuleName method ...
07/13/10 22:09:14,637 [3216] DEBUG index - Entering getTabModuleName(19) method ...
07/13/10 22:09:14,641 [3216] DEBUG index - Exiting getTabModuleName method ...
07/13/10 22:09:14,642 [3216] DEBUG index - Entering getTabModuleName(20) method ...
07/13/10 22:09:14,645 [3216] DEBUG index - Exiting getTabModuleName method ...
07/13/10 22:09:14,646 [3216] DEBUG index - Entering getTabModuleName(21) method ...
07/13/10 22:09:14,650 [3216] DEBUG index - Exiting getTabModuleName method ...
07/13/10 22:09:14,651 [3216] DEBUG index - Entering getTabModuleName(22) method ...
07/13/10 22:09:14,654 [3216] DEBUG index - Exiting getTabModuleName method ...
07/13/10 22:09:14,655 [3216] DEBUG index - Entering getTabModuleName(23) method ...
07/13/10 22:09:14,659 [3216] DEBUG index - Exiting getTabModuleName method ...
07/13/10 22:09:14,660 [3216] DEBUG index - Entering getTabModuleName(24) method ...
07/13/10 22:09:14,663 [3216] DEBUG index - Exiting getTabModuleName method ...
07/13/10 22:09:14,664 [3216] DEBUG index - Entering getTabModuleName(25) method ...
07/13/10 22:09:14,668 [3216] DEBUG index - Exiting getTabModuleName method ...
07/13/10 22:09:14,669 [3216] DEBUG index - Entering getTabModuleName(26) method ...
07/13/10 22:09:14,673 [3216] DEBUG index - Exiting getTabModuleName method ...
07/13/10 22:09:14,674 [3216] DEBUG index - Entering getTabModuleName(27) method ...
07/13/10 22:09:14,677 [3216] DEBUG index - Exiting getTabModuleName method ...
07/13/10 22:09:14,678 [3216] DEBUG index - Entering getTabModuleName(28) method ...
07/13/10 22:09:14,683 [3216] DEBUG index - Exiting getTabModuleName method ...
07/13/10 22:09:14,685 [3216] DEBUG index - Entering getTabModuleName(29) method ...
07/13/10 22:09:14,688 [3216] DEBUG index - Exiting getTabModuleName method ...
07/13/10 22:09:14,689 [3216] DEBUG index - Entering getTabModuleName(30) method ...
07/13/10 22:09:14,693 [3216] DEBUG index - Exiting getTabModuleName method ...
07/13/10 22:09:14,694 [3216] DEBUG index - Entering getTabModuleName(31) method ...
07/13/10 22:09:14,698 [3216] DEBUG index - Exiting getTabModuleName method ...
07/13/10 22:09:14,699 [3216] DEBUG index - Entering getTabModuleName(32) method ...
07/13/10 22:09:14,702 [3216] DEBUG index - Exiting getTabModuleName method ...
07/13/10 22:09:14,703 [3216] DEBUG index - Entering getTabModuleName(33) method ...
07/13/10 22:09:14,707 [3216] DEBUG index - Exiting getTabModuleName method ...
07/13/10 22:09:14,708 [3216] DEBUG index - Entering getTabModuleName(34) method ...
07/13/10 22:09:14,712 [3216] DEBUG index - Exiting getTabModuleName method ...
07/13/10 22:09:14,713 [3216] DEBUG index - Entering getTabModuleName(35) method ...
07/13/10 22:09:14,717 [3216] DEBUG index - Exiting getTabModuleName method ...
07/13/10 22:09:14,718 [3216] DEBUG index - Entering getTabModuleName(36) method ...
07/13/10 22:09:14,721 [3216] DEBUG index - Exiting getTabModuleName method ...
07/13/10 22:09:14,722 [3216] DEBUG index - Entering getTabModuleName(37) method ...
07/13/10 22:09:14,726 [3216] DEBUG index - Exiting getTabModuleName method ...
07/13/10 22:09:14,727 [3216] DEBUG index - Entering getTabModuleName(38) method ...
07/13/10 22:09:14,730 [3216] DEBUG index - Exiting getTabModuleName method ...
07/13/10 22:09:14,731 [3216] DEBUG index - Exiting getPermittedModuleNames method ...
07/13/10 22:09:14,735 [3216] DEBUG index - Current user is: huyucheng
07/13/10 22:09:14,736 [3216] DEBUG index - Current theme is: hawebs
07/13/10 22:09:14,737 [3216] DEBUG index - current_language is: zh_cn
07/13/10 22:09:14,738 [3216] DEBUG index - Entering return_app_currency_strings_language(zh_cn) method ...
07/13/10 22:09:14,752 [3216] DEBUG index - Exiting return_app_currency_strings_language method ...
07/13/10 22:09:14,753 [3216] DEBUG index - Entering return_application_language(zh_cn) method ...
07/13/10 22:09:14,767 [3216] DEBUG index - Exiting return_application_language method ...
07/13/10 22:09:14,768 [3216] DEBUG index - Entering return_app_list_strings_language(zh_cn) method ...
07/13/10 22:09:14,782 [3216] DEBUG index - Exiting return_app_list_strings_language method ...
07/13/10 22:09:14,783 [3216] DEBUG index - Entering return_module_language(zh_cn,PickList) method ...
07/13/10 22:09:14,788 [3216] DEBUG index - Exiting return_module_language method ...
07/13/10 22:09:14,789 [3216] DEBUG index - setting cookie ck_login_id_vtiger to 6
07/13/10 22:09:14,790 [3216] DEBUG index - setting cookie ck_login_theme_vtiger to hawebs
07/13/10 22:09:14,791 [3216] DEBUG index - setting cookie ck_login_language_vtiger to zh_cn
07/13/10 22:09:14,792 [3216] DEBUG index - skipping headers
07/13/10 22:09:14,807 [3216] DEBUG index - Entering isPermitted(PickList,PickList,) method ...
07/13/10 22:09:14,814 [3216] DEBUG index - Exiting isPermitted method ...
07/13/10 22:09:14,850 [3216] INFO GS - PearDatabase ->DatabaseConnection - Illegal Access
07/13/10 22:09:14,858 [3216] DEBUG index - Prepared sql query being executed : select distinct vtiger_field.fieldname,vtiger_field.tabid,vtiger_tab.tablabel, vtiger_tab.name as tabname,uitype from vtiger_field inner join vtiger_tab on vtiger_tab.tabid=vtiger_field.tabid where uitype IN (15,33) and vtiger_field.tabid != 29 and vtiger_tab.presence != 1 and vtiger_field.presence in (0,2) order by vtiger_field.tabid ASC
07/13/10 22:09:14,907 [3216] DEBUG index - Entering return_module_language(zh_cn,Products) method ...
07/13/10 22:09:14,913 [3216] DEBUG index - Exiting return_module_language method ...
07/13/10 22:09:14,915 [3216] DEBUG index - Entering getTabid(Products) method ...
07/13/10 22:09:14,916 [3216] DEBUG index - Exiting getTabid method ...
07/13/10 22:09:14,917 [3216] DEBUG index - Prepared sql query being executed : select vtiger_field.fieldlabel,vtiger_field.columnname,vtiger_field.fieldname, vtiger_field.uitype FROM vtiger_field inner join vtiger_picklist on vtiger_field.fieldname = vtiger_picklist.name where (displaytype=1 and vtiger_field.tabid=? and vtiger_field.uitype in ('15','55','33','16')  or (vtiger_field.tabid=? and fieldname='salutationtype' and fieldname !='vendortype'))  and vtiger_field.presence in (0,2) ORDER BY vtiger_picklist.picklistid ASC
07/13/10 22:09:14,918 [3216] DEBUG index - Prepared sql query parameters : [14,14]
07/13/10 22:09:14,924 [3216] DEBUG index - Entering getSubordinateRoleAndUsers(H2) method ...
07/13/10 22:09:14,925 [3216] DEBUG index - Entering getRoleSubordinates(H2) method ...
07/13/10 22:09:14,926 [3216] DEBUG index - Entering getRoleInformation(H2) method ...
07/13/10 22:09:14,927 [3216] DEBUG index - Prepared sql query being executed : select * from vtiger_role where roleid=?
07/13/10 22:09:14,928 [3216] DEBUG index - Prepared sql query parameters : [H2]
07/13/10 22:09:14,931 [3216] DEBUG index - Exiting getRoleInformation method ...
07/13/10 22:09:14,932 [3216] DEBUG index - Prepared sql query being executed : select * from vtiger_role where parentrole like ? order by parentrole asc
07/13/10 22:09:14,933 [3216] DEBUG index - Prepared sql query parameters : [H1::H2::%]
07/13/10 22:09:14,936 [3216] DEBUG index - Exiting getRoleSubordinates method ...
07/13/10 22:09:14,937 [3216] DEBUG index - Entering getRoleUsers(H3) method ...
07/13/10 22:09:14,938 [3216] DEBUG index - Prepared sql query being executed : select vtiger_user2role.*,vtiger_users.user_name from vtiger_user2role inner join vtiger_users on vtiger_users.id=vtiger_user2role.userid where roleid=?
07/13/10 22:09:14,939 [3216] DEBUG index - Prepared sql query parameters : [H3]
07/13/10 22:09:14,947 [3216] DEBUG index - Exiting getRoleUsers method ...
07/13/10 22:09:14,948 [3216] DEBUG index - Entering getRoleUsers(H4) method ...
07/13/10 22:09:14,949 [3216] DEBUG index - Prepared sql query being executed : select vtiger_user2role.*,vtiger_users.user_name from vtiger_user2role inner join vtiger_users on vtiger_users.id=vtiger_user2role.userid where roleid=?
07/13/10 22:09:14,950 [3216] DEBUG index - Prepared sql query parameters : [H4]
07/13/10 22:09:14,952 [3216] DEBUG index - Exiting getRoleUsers method ...
07/13/10 22:09:14,953 [3216] DEBUG index - Entering getRoleUsers(H5) method ...
07/13/10 22:09:14,954 [3216] DEBUG index - Prepared sql query being executed : select vtiger_user2role.*,vtiger_users.user_name from vtiger_user2role inner join vtiger_users on vtiger_users.id=vtiger_user2role.userid where roleid=?
07/13/10 22:09:14,955 [3216] DEBUG index - Prepared sql query parameters : [H5]
07/13/10 22:09:14,958 [3216] DEBUG index - Exiting getRoleUsers method ...
07/13/10 22:09:14,959 [3216] DEBUG index - Exiting getSubordinateRoleAndUsers method ...
07/13/10 22:09:14,960 [3216] DEBUG index - Prepared sql query being executed : select picklistid from vtiger_picklist where name = ?
07/13/10 22:09:14,961 [3216] DEBUG index - Prepared sql query parameters : [glacct]
07/13/10 22:09:14,965 [3216] DEBUG index - Prepared sql query being executed : SELECT distinct glacct FROM vtiger_glacct inner join vtiger_role2picklist on vtiger_glacct.picklist_valueid=vtiger_role2picklist.picklistvalueid and roleid in (?,?,?,?) order by sortid
07/13/10 22:09:14,966 [3216] DEBUG index - Prepared sql query parameters : [H2,H3,H4,H5]
07/13/10 22:09:14,983 [3216] DEBUG index - Entering getSubordinateRoleAndUsers(H2) method ...
07/13/10 22:09:14,984 [3216] DEBUG index - Entering getRoleSubordinates(H2) method ...
07/13/10 22:09:14,985 [3216] DEBUG index - Exiting getRoleSubordinates method ...
07/13/10 22:09:14,986 [3216] DEBUG index - Entering getRoleUsers(H3) method ...
07/13/10 22:09:14,986 [3216] DEBUG index - Prepared sql query being executed : select vtiger_user2role.*,vtiger_users.user_name from vtiger_user2role inner join vtiger_users on vtiger_users.id=vtiger_user2role.userid where roleid=?
07/13/10 22:09:14,987 [3216] DEBUG index - Prepared sql query parameters : [H3]
07/13/10 22:09:14,992 [3216] DEBUG index - Exiting getRoleUsers method ...
07/13/10 22:09:14,993 [3216] DEBUG index - Entering getRoleUsers(H4) method ...
07/13/10 22:09:14,994 [3216] DEBUG index - Prepared sql query being executed : select vtiger_user2role.*,vtiger_users.user_name from vtiger_user2role inner join vtiger_users on vtiger_users.id=vtiger_user2role.userid where roleid=?
07/13/10 22:09:14,995 [3216] DEBUG index - Prepared sql query parameters : [H4]
07/13/10 22:09:14,998 [3216] DEBUG index - Exiting getRoleUsers method ...
07/13/10 22:09:14,999 [3216] DEBUG index - Entering getRoleUsers(H5) method ...
07/13/10 22:09:14,1000 [3216] DEBUG index - Prepared sql query being executed : select vtiger_user2role.*,vtiger_users.user_name from vtiger_user2role inner join vtiger_users on vtiger_users.id=vtiger_user2role.userid where roleid=?
07/13/10 22:09:15,001 [3216] DEBUG index - Prepared sql query parameters : [H5]
07/13/10 22:09:15,004 [3216] DEBUG index - Exiting getRoleUsers method ...
07/13/10 22:09:15,005 [3216] DEBUG index - Exiting getSubordinateRoleAndUsers method ...
07/13/10 22:09:15,006 [3216] DEBUG index - Prepared sql query being executed : select picklistid from vtiger_picklist where name = ?
07/13/10 22:09:15,007 [3216] DEBUG index - Prepared sql query parameters : [manufacturer]
07/13/10 22:09:15,010 [3216] DEBUG index - Prepared sql query being executed : SELECT distinct manufacturer FROM vtiger_manufacturer inner join vtiger_role2picklist on vtiger_manufacturer.picklist_valueid=vtiger_role2picklist.picklistvalueid and roleid in (?,?,?,?) order by sortid
07/13/10 22:09:15,012 [3216] DEBUG index - Prepared sql query parameters : [H2,H3,H4,H5]
07/13/10 22:09:15,024 [3216] DEBUG index - Entering getSubordinateRoleAndUsers(H2) method ...
07/13/10 22:09:15,025 [3216] DEBUG index - Entering getRoleSubordinates(H2) method ...
07/13/10 22:09:15,026 [3216] DEBUG index - Exiting getRoleSubordinates method ...
07/13/10 22:09:15,027 [3216] DEBUG index - Entering getRoleUsers(H3) method ...
07/13/10 22:09:15,028 [3216] DEBUG index - Prepared sql query being executed : select vtiger_user2role.*,vtiger_users.user_name from vtiger_user2role inner join vtiger_users on vtiger_users.id=vtiger_user2role.userid where roleid=?
07/13/10 22:09:15,029 [3216] DEBUG index - Prepared sql query parameters : [H3]
07/13/10 22:09:15,035 [3216] DEBUG index - Exiting getRoleUsers method ...
07/13/10 22:09:15,036 [3216] DEBUG index - Entering getRoleUsers(H4) method ...
07/13/10 22:09:15,037 [3216] DEBUG index - Prepared sql query being executed : select vtiger_user2role.*,vtiger_users.user_name from vtiger_user2role inner join vtiger_users on vtiger_users.id=vtiger_user2role.userid where roleid=?
07/13/10 22:09:15,038 [3216] DEBUG index - Prepared sql query parameters : [H4]
07/13/10 22:09:15,041 [3216] DEBUG index - Exiting getRoleUsers method ...
07/13/10 22:09:15,042 [3216] DEBUG index - Entering getRoleUsers(H5) method ...
07/13/10 22:09:15,043 [3216] DEBUG index - Prepared sql query being executed : select vtiger_user2role.*,vtiger_users.user_name from vtiger_user2role inner join vtiger_users on vtiger_users.id=vtiger_user2role.userid where roleid=?
07/13/10 22:09:15,044 [3216] DEBUG index - Prepared sql query parameters : [H5]
07/13/10 22:09:15,048 [3216] DEBUG index - Exiting getRoleUsers method ...
07/13/10 22:09:15,049 [3216] DEBUG index - Exiting getSubordinateRoleAndUsers method ...
07/13/10 22:09:15,050 [3216] DEBUG index - Prepared sql query being executed : select picklistid from vtiger_picklist where name = ?
07/13/10 22:09:15,051 [3216] DEBUG index - Prepared sql query parameters : [productcategory]
07/13/10 22:09:15,055 [3216] DEBUG index - Prepared sql query being executed : SELECT distinct productcategory FROM vtiger_productcategory inner join vtiger_role2picklist on vtiger_productcategory.picklist_valueid=vtiger_role2picklist.picklistvalueid and roleid in (?,?,?,?) order by sortid
07/13/10 22:09:15,056 [3216] DEBUG index - Prepared sql query parameters : [H2,H3,H4,H5]
07/13/10 22:09:15,070 [3216] DEBUG index - Entering getSubordinateRoleAndUsers(H2) method ...
07/13/10 22:09:15,071 [3216] DEBUG index - Entering getRoleSubordinates(H2) method ...
07/13/10 22:09:15,072 [3216] DEBUG index - Exiting getRoleSubordinates method ...
07/13/10 22:09:15,073 [3216] DEBUG index - Entering getRoleUsers(H3) method ...
07/13/10 22:09:15,074 [3216] DEBUG index - Prepared sql query being executed : select vtiger_user2role.*,vtiger_users.user_name from vtiger_user2role inner join vtiger_users on vtiger_users.id=vtiger_user2role.userid where roleid=?
07/13/10 22:09:15,075 [3216] DEBUG index - Prepared sql query parameters : [H3]
07/13/10 22:09:15,080 [3216] DEBUG index - Exiting getRoleUsers method ...
07/13/10 22:09:15,081 [3216] DEBUG index - Entering getRoleUsers(H4) method ...
07/13/10 22:09:15,082 [3216] DEBUG index - Prepared sql query being executed : select vtiger_user2role.*,vtiger_users.user_name from vtiger_user2role inner join vtiger_users on vtiger_users.id=vtiger_user2role.userid where roleid=?
07/13/10 22:09:15,083 [3216] DEBUG index - Prepared sql query parameters : [H4]
07/13/10 22:09:15,086 [3216] DEBUG index - Exiting getRoleUsers method ...
07/13/10 22:09:15,087 [3216] DEBUG index - Entering getRoleUsers(H5) method ...
07/13/10 22:09:15,088 [3216] DEBUG index - Prepared sql query being executed : select vtiger_user2role.*,vtiger_users.user_name from vtiger_user2role inner join vtiger_users on vtiger_users.id=vtiger_user2role.userid where roleid=?
07/13/10 22:09:15,089 [3216] DEBUG index - Prepared sql query parameters : [H5]
07/13/10 22:09:15,092 [3216] DEBUG index - Exiting getRoleUsers method ...
07/13/10 22:09:15,093 [3216] DEBUG index - Exiting getSubordinateRoleAndUsers method ...
07/13/10 22:09:15,094 [3216] DEBUG index - Prepared sql query being executed : select picklistid from vtiger_picklist where name = ?
07/13/10 22:09:15,096 [3216] DEBUG index - Prepared sql query parameters : [usageunit]
07/13/10 22:09:15,100 [3216] DEBUG index - Prepared sql query being executed : SELECT distinct usageunit FROM vtiger_usageunit inner join vtiger_role2picklist on vtiger_usageunit.picklist_valueid=vtiger_role2picklist.picklistvalueid and roleid in (?,?,?,?) order by sortid
07/13/10 22:09:15,101 [3216] DEBUG index - Prepared sql query parameters : [H2,H3,H4,H5]
07/13/10 22:09:15,123 [3216] DEBUG index - function getTranslatedString(GL Account) - translated to (会计科目)
07/13/10 22:09:15,124 [3216] DEBUG index - function getTranslatedString(Manufacturer) - translated to (Manufacturer)
07/13/10 22:09:15,125 [3216] DEBUG index - function getTranslatedString(Product Category) - translated to (产品类别)
07/13/10 22:09:15,126 [3216] DEBUG index - function getTranslatedString(Usage Unit) - translated to (使用单位)
07/13/10 22:09:15,127 [3216] DEBUG index - Prepared sql query being executed : select rolename,roleid from vtiger_role where roleid not in('H1') order by roleid
07/13/10 22:09:15,132 [3216] DEBUG index - Entering return_module_language(zh_cn,Settings) method ...
07/13/10 22:09:15,144 [3216] DEBUG index - Exiting return_module_language method ...
07/13/10 22:09:15,145 [3216] DEBUG index - Entering return_module_language(zh_cn,PickList) method ...
07/13/10 22:09:15,146 [3216] DEBUG index - Exiting return_module_language method ...
07/13/10 22:09:15,172 [3216] DEBUG index - Entering return_module_language(zh_cn,Products) method ...
07/13/10 22:09:15,173 [3216] DEBUG index - Exiting return_module_language method ...
07/13/10 22:09:15,174 [3216] DEBUG index - function getTranslatedString(会计科目) - translated to (会计科目)
07/13/10 22:09:15,175 [3216] DEBUG index - Entering return_module_language(zh_cn,Products) method ...
07/13/10 22:09:15,176 [3216] DEBUG index - Exiting return_module_language method ...
07/13/10 22:09:15,177 [3216] DEBUG index - function getTranslatedString(Manufacturer) - translated to (厂商)
07/13/10 22:09:15,178 [3216] DEBUG index - Entering return_module_language(zh_cn,Products) method ...
07/13/10 22:09:15,179 [3216] DEBUG index - Exiting return_module_language method ...
07/13/10 22:09:15,180 [3216] DEBUG index - function getTranslatedString(产品类别) - translated to (产品类别)
07/13/10 22:09:15,181 [3216] DEBUG index - Entering return_module_language(zh_cn,Products) method ...
07/13/10 22:09:15,182 [3216] DEBUG index - Exiting return_module_language method ...
07/13/10 22:09:15,183 [3216] DEBUG index - function getTranslatedString(使用单位) - translated to (使用单位)
07/13/10 22:09:19,133 [3216] INFO VT - PearDatabase ->ADODB disconnect
07/13/10 22:09:19,458 [3216] DEBUG VT - Entering set_default_config(Array) method ...
07/13/10 22:09:19,459 [3216] DEBUG VT - Exiting set_default_config method ...
07/13/10 22:09:19,788 [3216] DEBUG index - ****Starting for session 40n7kpmpg06a33geihjojr6926
07/13/10 22:09:19,792 [3216] DEBUG index - We have an authenticated user id: 6
07/13/10 22:09:19,793 [3216] DEBUG index - array (
  'module' => 'Calendar',
  'action' => 'CalendarAjax',
  'file' => 'ActivityReminderCallbackAjax',
  'ajax' => 'true',
  'ck_login_id_vtiger' => '6',
  'ck_login_theme_vtiger' => 'hawebs',
  'ck_login_language_vtiger' => 'zh_cn',
  'timezone' => '0',
  'phpbb3_iq7rs_k' => '',
  'phpbb3_iq7rs_u' => '2',
  'phpbb3_iq7rs_sid' => 'fe174e27af1966725c55150593ef3942',
  'style_cookie' => 'null',
  'fontSize' => '100',
  'OFBiz_Visitor' => '10000',
  'webtools_autoUserLoginId' => 'admin',
  'webpos_autoUserLoginId' => 'admin',
  's_lastvisit' => '1264968505417',
  'ebay_autoUserLoginId' => 'admin',
  'smile' => '1D1',
  'googlebase_autoUserLoginId' => 'admin',
  'partymgr_autoUserLoginId' => 'admin',
  'humanres_autoUserLoginId' => 'admin',
  'facility_autoUserLoginId' => 'admin',
  'ZDEDebuggerPresent' => 'php,phtml,php3',
  'PHPSESSID' => '40n7kpmpg06a33geihjojr6926',
)
07/13/10 22:09:19,794 [3216] INFO index - About to take action CalendarAjax
07/13/10 22:09:19,795 [3216] DEBUG index - in CalendarAjax
07/13/10 22:09:19,797 [3216] INFO index - current page is modules/Calendar/CalendarAjax.php
07/13/10 22:09:19,798 [3216] INFO index - current module is Calendar 
