<img src="cache/images/-847080661_outcome_by_month_en_us_957285009.png" border="0" usemap="#cache/images/-847080661_outcome_by_month_en_us_957285009.png">
<map name="cache/images/-847080661_outcome_by_month_en_us_957285009.png">
	<area shape="rect" coords="72,95,160,438" href="index.php?module=Potentials&action=ListView&date_closed=2006-03&sales_stage=Other&query=true&type=dbrd&owner=admin&viewname=10" alt="admin - 2 opportunities where outcome is Other" title="admin - 2 opportunities where outcome is Other">
	<area shape="rect" coords="264,61,352,438" href="index.php?module=Potentials&action=ListView&date_closed=2006-06&sales_stage=Other&query=true&type=dbrd&owner=admin&viewname=10" alt="admin - 4 opportunities where outcome is Other" title="admin - 4 opportunities where outcome is Other">
	<area shape="rect" coords="457,147,545,438" href="index.php?module=Potentials&action=ListView&date_closed=2006-07&sales_stage=Other&query=true&type=dbrd&owner=admin&viewname=10" alt="admin - 2 opportunities where outcome is Other" title="admin - 2 opportunities where outcome is Other">
	<area shape="rect" coords="649,352,737,438" href="index.php?module=Potentials&action=ListView&date_closed=2006-09&sales_stage=Other&query=true&type=dbrd&owner=admin&viewname=10" alt="admin - 1 opportunities where outcome is Other" title="admin - 1 opportunities where outcome is Other">
</map>