<img src="cache/images/656574030_outcome_by_month_zh_cn_957285009.png" border="0" usemap="#cache/images/656574030_outcome_by_month_zh_cn_957285009.png">
<map name="cache/images/656574030_outcome_by_month_zh_cn_957285009.png">
	<area shape="rect" coords="72,61,160,438" href="index.php?module=Potentials&action=ListView&date_closed=2006-03&sales_stage=%E5%85%B6%E5%AE%83&query=true&type=dbrd&owner=admin&viewname=10" alt="admin - 2 该潜在案件的处理结果 其它" title="admin - 2 该潜在案件的处理结果 其它">
	<area shape="rect" coords="264,61,352,438" href="index.php?module=Potentials&action=ListView&date_closed=2006-06&sales_stage=%E5%85%B6%E5%AE%83&query=true&type=dbrd&owner=admin&viewname=10" alt="admin - 3 该潜在案件的处理结果 其它" title="admin - 3 该潜在案件的处理结果 其它">
	<area shape="rect" coords="457,118,545,438" href="index.php?module=Potentials&action=ListView&date_closed=2006-07&sales_stage=%E5%85%B6%E5%AE%83&query=true&type=dbrd&owner=admin&viewname=10" alt="admin - 2 该潜在案件的处理结果 其它" title="admin - 2 该潜在案件的处理结果 其它">
	<area shape="rect" coords="649,344,737,438" href="index.php?module=Potentials&action=ListView&date_closed=2006-09&sales_stage=%E5%85%B6%E5%AE%83&query=true&type=dbrd&owner=admin&viewname=10" alt="admin - 1 该潜在案件的处理结果 其它" title="admin - 1 该潜在案件的处理结果 其它">
</map>